// Jest Snapshot v1, https://goo.gl/fbAQLP

exports[`checks that DOM is consistent 1`] = `
<div
  className="App"
>
  <h1>
    RGB to Hex Converter
  </h1>
  <div
    className="hex-converter"
  >
    <div
      className="color-input-container"
    >
      <div>
        <form
          className="form-input"
        >
          <label
            className="color-input-label"
            htmlFor="text"
          >
            red
          </label>
          <input
            className="color-input-field"
            id="text"
            name="color "
            onChange={[Function]}
            type="text"
          />
          <div
            className="color-square"
          >
            <div
              style={
                Object {
                  "backgroundColor": "red",
                  "height": 25,
                  "width": 25,
                }
              }
            />
          </div>
        </form>
      </div>
      <div>
        <form
          className="form-input"
        >
          <label
            className="color-input-label"
            htmlFor="text"
          >
            green
          </label>
          <input
            className="color-input-field"
            id="text"
            name="color "
            onChange={[Function]}
            type="text"
          />
          <div
            className="color-square"
          >
            <div
              style={
                Object {
                  "backgroundColor": "green",
                  "height": 25,
                  "width": 25,
                }
              }
            />
          </div>
        </form>
      </div>
      <div>
        <form
          className="form-input"
        >
          <label
            className="color-input-label"
            htmlFor="text"
          >
            blue
          </label>
          <input
            className="color-input-field"
            id="text"
            name="color "
            onChange={[Function]}
            type="text"
          />
          <div
            className="color-square"
          >
            <div
              style={
                Object {
                  "backgroundColor": "blue",
                  "height": 25,
                  "width": 25,
                }
              }
            />
          </div>
        </form>
      </div>
    </div>
    <div
      className="buttons-container"
    >
      <button
        className="button"
        onClick={[Function]}
      >
        Convert
      </button>
      <button
        className="button"
        onClick={[Function]}
      >
        Reset
      </button>
    </div>
    <div
      className="hex-display-container"
    >
      <div>
        <label>
          HEX color
        </label>
        <p>
          #000000
        </p>
        <div
          style={
            Object {
              "backgroundColor": "#000000",
              "height": 25,
              "width": 25,
            }
          }
        />
      </div>
    </div>
  </div>
</div>
`;
